******************************************************************************
                  TI ARM Linker PC v20.2.7                     
******************************************************************************
>> Linked Thu Jan 30 11:15:40 2025

OUTPUT FILE NAME:   <LSE1_ESC_Controller.out>
ENTRY POINT SYMBOL: "_c_int00_noargs"  address: 00001269


MEMORY CONFIGURATION

         name            origin    length      used     unused   attr    fill
----------------------  --------  ---------  --------  --------  ----  --------
  FLASH                 00000000   00040000  0000187c  0003e784  R  X
  SRAM                  20000000   00008000  0000049d  00007b63  RW X


SEGMENT ALLOCATION MAP

run origin  load origin   length   init length attrs members
----------  ----------- ---------- ----------- ----- -------
00000000    00000000    00001880   00001880    r-x
  00000000    00000000    0000026c   0000026c    r-- .intvecs
  0000026c    0000026c    000012cc   000012cc    r-x .text
  00001538    00001538    000002dc   000002dc    r-- .const
  00001818    00001818    00000068   00000068    r-- .cinit
20000000    20000000    000004a1   00000000    rw-
  20000000    20000000    0000026c   00000000    rw- .vtable
  20000270    20000270    00000200   00000000    rw- .stack
  20000470    20000470    0000002c   00000000    rw- .data
  2000049c    2000049c    00000005   00000000    rw- .bss


SECTION ALLOCATION MAP

 output                                  attributes/
section   page    origin      length       input sections
--------  ----  ----------  ----------   ----------------
.intvecs   0    00000000    0000026c     
                  00000000    0000026c     tm4c123gh6pm_startup_ccs.obj (.intvecs)

.text      0    0000026c    000012cc     
                  0000026c    000008ec     main.obj (.text)
                  00000b58    0000016c     driverlib.lib : gpio.obj (.text:GPIOPadConfigSet)
                  00000cc4    000000f4                   : sysctl.obj (.text:SysCtlClockSet)
                  00000db8    0000009c     rtsv7M4_T_le_v4SPD16_eabi.lib : memcpy_t2.asm.obj (.text)
                  00000e54    0000007a     driverlib.lib : adc.obj (.text:ADCSequenceStepConfigure)
                  00000ece    00000002     --HOLE-- [fill = 0]
                  00000ed0    00000068                   : interrupt.obj (.text:IntEnable)
                  00000f38    00000068     rtsv7M4_T_le_v4SPD16_eabi.lib : copy_decompress_lzss.c.obj (.text:decompress:lzss:__TI_decompress_lzss)
                  00000fa0    00000060     driverlib.lib : timer.obj (.text:TimerConfigure)
                  00001000    00000058                   : gpio.obj (.text:GPIOIntTypeSet)
                  00001058    0000004e                   : adc.obj (.text:ADCSequenceConfigure)
                  000010a6    00000002     --HOLE-- [fill = 0]
                  000010a8    0000004c                   : gpio.obj (.text:GPIOPinConfigure)
                  000010f4    0000004c                   : timer.obj (.text:_TimerIntNumberGet)
                  00001140    00000044                   : gpio.obj (.text:_GPIOIntNumberGet)
                  00001184    00000044     rtsv7M4_T_le_v4SPD16_eabi.lib : autoinit.c.obj (.text:__TI_auto_init_nobinit_nopinit:__TI_auto_init_nobinit_nopinit)
                  000011c8    00000038     driverlib.lib : sysctl.obj (.text:SysCtlPeripheralReady)
                  00001200    00000034                   : interrupt.obj (.text:IntRegister)
                  00001234    00000034                   : sysctl.obj (.text:SysCtlPeripheralEnable)
                  00001268    00000034     rtsv7M4_T_le_v4SPD16_eabi.lib : boot_cortex_m.c.obj (.text:_c_int00_noargs:_c_int00_noargs)
                  0000129c    0000002e     driverlib.lib : adc.obj (.text:ADCIntStatus)
                  000012ca    0000002c                   : gpio.obj (.text:GPIODirModeSet)
                  000012f6    00000022                   : pwm.obj (.text:PWMGenConfigure)
                  00001318    0000001e                   : adc.obj (.text:ADCSequenceDataGet)
                  00001336    0000001e                   : pwm.obj (.text:PWMPulseWidthSet)
                  00001354    0000001c     rtsv7M4_T_le_v4SPD16_eabi.lib : copy_zero_init.c.obj (.text:decompress:ZI:__TI_zero_init_nomemset:__TI_zero_init_nomemset)
                  00001370    0000001a     driverlib.lib : gpio.obj (.text:GPIOPinTypeGPIOOutput)
                  0000138a    00000018                   : adc.obj (.text:ADCProcessorTrigger)
                  000013a2    00000018                   : gpio.obj (.text:GPIOIntRegister)
                  000013ba    00000018                   : timer.obj (.text:TimerIntRegister)
                  000013d2    00000016                   : gpio.obj (.text:GPIOPinTypeADC)
                  000013e8    00000016                   : gpio.obj (.text:GPIOPinTypeGPIOInput)
                  000013fe    00000016                   : gpio.obj (.text:GPIOPinTypePWM)
                  00001414    00000012                   : pwm.obj (.text:PWMOutputState)
                  00001426    00000012                   : timer.obj (.text:TimerLoadSet)
                  00001438    00000010                   : interrupt.obj (.text:IntMasterDisable)
                  00001448    00000010                   : interrupt.obj (.text:IntMasterEnable)
                  00001458    00000010                   : pwm.obj (.text:PWMGenPeriodSet)
                  00001468    0000000e                   : adc.obj (.text:ADCSequenceDisable)
                  00001476    0000000e                   : adc.obj (.text:ADCSequenceEnable)
                  00001484    0000000e                   : gpio.obj (.text:GPIOIntDisable)
                  00001492    0000000e                   : gpio.obj (.text:GPIOIntStatus)
                  000014a0    0000000e                   : timer.obj (.text:TimerEnable)
                  000014ae    0000000e     rtsv7M4_T_le_v4SPD16_eabi.lib : copy_decompress_none.c.obj (.text:decompress:none:__TI_decompress_none)
                  000014bc    0000000c     driverlib.lib : cpu.obj (.text:CPUcpsid)
                  000014c8    0000000c                   : cpu.obj (.text:CPUcpsie)
                  000014d4    0000000c                   : gpio.obj (.text:GPIOIntEnable)
                  000014e0    0000000c                   : pwm.obj (.text:PWMGenEnable)
                  000014ec    0000000c     tm4c123gh6pm_startup_ccs.obj (.text)
                  000014f8    0000000a     driverlib.lib : adc.obj (.text:ADCIntClear)
                  00001502    0000000a                   : timer.obj (.text:TimerIntDisable)
                  0000150c    00000008                   : timer.obj (.text:TimerIntEnable)
                  00001514    00000006                   : gpio.obj (.text:GPIOIntClear)
                  0000151a    00000006                   : gpio.obj (.text:GPIOPinRead)
                  00001520    00000006                   : gpio.obj (.text:GPIOPinWrite)
                  00001526    00000006                   : sysctl.obj (.text:SysCtlDelay)
                  0000152c    00000004                   : timer.obj (.text:TimerIntClear)
                  00001530    00000004     rtsv7M4_T_le_v4SPD16_eabi.lib : pre_init.c.obj (.text:_system_pre_init)
                  00001534    00000004                                   : exit.c.obj (.text:abort:abort)

.const     0    00001538    000002dc     
                  00001538    000000d8     driverlib.lib : gpio.obj (.const:g_ppui32GPIOIntMapSnowflake)
                  00001610    000000c0                   : gpio.obj (.const:g_ppui32GPIOIntMapBlizzard)
                  000016d0    00000090                   : gpio.obj (.const:g_pui32GPIOBaseAddrs)
                  00001760    00000060                   : timer.obj (.const:g_ppui32TimerIntMap)
                  000017c0    00000040                   : timer.obj (.const:g_ppui32TimerIntMapSnowflake)
                  00001800    00000014                   : interrupt.obj (.const:g_pui32EnRegs)

.cinit     0    00001818    00000068     
                  00001818    0000002e     (.cinit..data.load) [load image, compression = lzss]
                  00001846    00000002     --HOLE-- [fill = 0]
                  00001848    0000000c     (__TI_handler_table)
                  00001854    00000004     --HOLE-- [fill = 0]
                  00001858    00000008     (.cinit..bss.load) [load image, compression = zero_init]
                  00001860    00000008     (.cinit..vtable.load) [load image, compression = zero_init]
                  00001868    00000018     (__TI_cinit_table)

.init_array 
*          0    00000000    00000000     UNINITIALIZED

.vtable    0    20000000    0000026c     UNINITIALIZED
                  20000000    0000026c     driverlib.lib : interrupt.obj (.vtable)

.data      0    20000470    0000002c     UNINITIALIZED
                  20000470    0000002c     main.obj (.data)

.bss       0    2000049c    00000005     UNINITIALIZED
                  2000049c    00000004     (.common:ADC_measure)
                  200004a0    00000001     (.common:phase)

.stack     0    20000270    00000200     UNINITIALIZED
                  20000270    00000004     rtsv7M4_T_le_v4SPD16_eabi.lib : boot_cortex_m.c.obj (.stack)
                  20000274    000001fc     --HOLE--

__llvm_prf_cnts 
*          0    20000000    00000000     UNINITIALIZED

MODULE SUMMARY

       Module                         code   ro data   rw data
       ------                         ----   -------   -------
    .\
       main.obj                       2284   0         49     
       tm4c123gh6pm_startup_ccs.obj   12     620       0      
    +--+------------------------------+------+---------+---------+
       Total:                         2296   620       49     
                                                              
    C:/Users/natan/Uni/EET/7e Semestre/LSE1/Workspace/driverlib/ccs/Debug/driverlib.lib
       gpio.obj                       814    552       0      
       interrupt.obj                  188    20        620    
       timer.obj                      250    160       0      
       sysctl.obj                     358    0         0      
       adc.obj                        338    0         0      
       pwm.obj                        110    0         0      
       cpu.obj                        24     0         0      
    +--+------------------------------+------+---------+---------+
       Total:                         2082   732       620    
                                                              
    C:\ti\ccs1281\ccs\tools\compiler\ti-cgt-arm_20.2.7.LTS\lib\rtsv7M4_T_le_v4SPD16_eabi.lib
       memcpy_t2.asm.obj              156    0         0      
       copy_decompress_lzss.c.obj     104    0         0      
       autoinit.c.obj                 68     0         0      
       boot_cortex_m.c.obj            52     0         0      
       copy_zero_init.c.obj           28     0         0      
       copy_decompress_none.c.obj     14     0         0      
       exit.c.obj                     4      0         0      
       pre_init.c.obj                 4      0         0      
    +--+------------------------------+------+---------+---------+
       Total:                         430    0         0      
                                                              
       Stack:                         0      0         512    
       Linker Generated:              0      98        0      
    +--+------------------------------+------+---------+---------+
       Grand Total:                   4808   1450      1181   


LINKER GENERATED COPY TABLES

__TI_cinit_table @ 00001868 records: 3, size/record: 8, table size: 24
	.data: load addr=00001818, load size=0000002e bytes, run addr=20000470, run size=0000002c bytes, compression=lzss
	.bss: load addr=00001858, load size=00000008 bytes, run addr=2000049c, run size=00000005 bytes, compression=zero_init
	.vtable: load addr=00001860, load size=00000008 bytes, run addr=20000000, run size=0000026c bytes, compression=zero_init


LINKER GENERATED HANDLER TABLE

__TI_handler_table @ 00001848 records: 3, size/record: 4, table size: 12
	index: 0, handler: __TI_zero_init
	index: 1, handler: __TI_decompress_lzss
	index: 2, handler: __TI_decompress_none


GLOBAL SYMBOLS: SORTED ALPHABETICALLY BY Name 

address   name                          
-------   ----                          
000014f9  ADCIntClear                   
0000129d  ADCIntStatus                  
0000138b  ADCProcessorTrigger           
00001059  ADCSequenceConfigure          
00001319  ADCSequenceDataGet            
00001469  ADCSequenceDisable            
00001477  ADCSequenceEnable             
00000e55  ADCSequenceStepConfigure      
2000049c  ADC_measure                   
00001535  C$$EXIT                       
000014bd  CPUcpsid                      
000014c9  CPUcpsie                      
000008ad  Configure_ADC                 
000005a5  Configure_GPIO                
00000719  Configure_PWM                 
00000817  Configure_Timer0              
00000865  Configure_Timer1              
000012cb  GPIODirModeSet                
00001515  GPIOIntClear                  
00001485  GPIOIntDisable                
000014d5  GPIOIntEnable                 
000013a3  GPIOIntRegister               
00001493  GPIOIntStatus                 
00001001  GPIOIntTypeSet                
00000b59  GPIOPadConfigSet              
000010a9  GPIOPinConfigure              
0000151b  GPIOPinRead                   
000013d3  GPIOPinTypeADC                
000013e9  GPIOPinTypeGPIOInput          
00001371  GPIOPinTypeGPIOOutput         
000013ff  GPIOPinTypePWM                
00001521  GPIOPinWrite                  
00000ed1  IntEnable                     
00001439  IntMasterDisable              
00001449  IntMasterEnable               
000009c5  IntPortFHandler               
00001201  IntRegister                   
000012f7  PWMGenConfigure               
000014e1  PWMGenEnable                  
00001459  PWMGenPeriodSet               
00001415  PWMOutputState                
00001337  PWMPulseWidthSet              
000008ed  PZdetectB                     
00000949  PZdetectE                     
000014ed  ResetISR                      
00000cc5  SysCtlClockSet                
00001527  SysCtlDelay                   
00001235  SysCtlPeripheralEnable        
000011c9  SysCtlPeripheralReady         
00000a0d  Timer0IntHandler              
00000af1  Timer1IntHandler              
00000fa1  TimerConfigure                
000014a1  TimerEnable                   
0000152d  TimerIntClear                 
00001503  TimerIntDisable               
0000150d  TimerIntEnable                
000013bb  TimerIntRegister              
00001427  TimerLoadSet                  
20000470  __STACK_END                   
00000200  __STACK_SIZE                  
20000470  __STACK_TOP                   
00001868  __TI_CINIT_Base               
00001880  __TI_CINIT_Limit              
00001848  __TI_Handler_Table_Base       
00001854  __TI_Handler_Table_Limit      
00001185  __TI_auto_init_nobinit_nopinit
00000f39  __TI_decompress_lzss          
000014af  __TI_decompress_none          
ffffffff  __TI_pprof_out_hndl           
ffffffff  __TI_prof_data_size           
ffffffff  __TI_prof_data_start          
00000000  __TI_static_base__            
00001355  __TI_zero_init_nomemset       
00000db9  __aeabi_memcpy                
00000db9  __aeabi_memcpy4               
00000db9  __aeabi_memcpy8               
ffffffff  __binit__                     
ffffffff  __c_args__                    
UNDEFED   __mpu_init                    
20000270  __stack                       
20000000  __start___llvm_prf_cnts       
20000000  __stop___llvm_prf_cnts        
00001269  _c_int00_noargs               
UNDEFED   _system_post_cinit            
00001531  _system_pre_init              
00001535  abort                         
ffffffff  binit                         
00000397  closed_loop                   
0000053f  config_PWM_duty               
2000048d  fin_rampa                     
20000000  g_pfnRAMVectors               
00000000  g_pfnVectors                  
0000026d  main                          
00000db9  memcpy                        
000002d7  open_loop                     
20000488  pendent_rampa                 
200004a0  phase                         
20000480  pulse_width                   
20000490  pulse_width_max               
20000494  pulse_width_min               
20000498  pulse_width_pot               
20000484  pulse_with_limit              
2000047c  pwm_freq                      
00000511  read_ADC                      
2000048c  restart                       
20000474  ticks                         
20000478  ticks_limit                   
20000470  timerA_flag                   


GLOBAL SYMBOLS: SORTED BY Symbol Address 

address   name                          
-------   ----                          
00000000  __TI_static_base__            
00000000  g_pfnVectors                  
00000200  __STACK_SIZE                  
0000026d  main                          
000002d7  open_loop                     
00000397  closed_loop                   
00000511  read_ADC                      
0000053f  config_PWM_duty               
000005a5  Configure_GPIO                
00000719  Configure_PWM                 
00000817  Configure_Timer0              
00000865  Configure_Timer1              
000008ad  Configure_ADC                 
000008ed  PZdetectB                     
00000949  PZdetectE                     
000009c5  IntPortFHandler               
00000a0d  Timer0IntHandler              
00000af1  Timer1IntHandler              
00000b59  GPIOPadConfigSet              
00000cc5  SysCtlClockSet                
00000db9  __aeabi_memcpy                
00000db9  __aeabi_memcpy4               
00000db9  __aeabi_memcpy8               
00000db9  memcpy                        
00000e55  ADCSequenceStepConfigure      
00000ed1  IntEnable                     
00000f39  __TI_decompress_lzss          
00000fa1  TimerConfigure                
00001001  GPIOIntTypeSet                
00001059  ADCSequenceConfigure          
000010a9  GPIOPinConfigure              
00001185  __TI_auto_init_nobinit_nopinit
000011c9  SysCtlPeripheralReady         
00001201  IntRegister                   
00001235  SysCtlPeripheralEnable        
00001269  _c_int00_noargs               
0000129d  ADCIntStatus                  
000012cb  GPIODirModeSet                
000012f7  PWMGenConfigure               
00001319  ADCSequenceDataGet            
00001337  PWMPulseWidthSet              
00001355  __TI_zero_init_nomemset       
00001371  GPIOPinTypeGPIOOutput         
0000138b  ADCProcessorTrigger           
000013a3  GPIOIntRegister               
000013bb  TimerIntRegister              
000013d3  GPIOPinTypeADC                
000013e9  GPIOPinTypeGPIOInput          
000013ff  GPIOPinTypePWM                
00001415  PWMOutputState                
00001427  TimerLoadSet                  
00001439  IntMasterDisable              
00001449  IntMasterEnable               
00001459  PWMGenPeriodSet               
00001469  ADCSequenceDisable            
00001477  ADCSequenceEnable             
00001485  GPIOIntDisable                
00001493  GPIOIntStatus                 
000014a1  TimerEnable                   
000014af  __TI_decompress_none          
000014bd  CPUcpsid                      
000014c9  CPUcpsie                      
000014d5  GPIOIntEnable                 
000014e1  PWMGenEnable                  
000014ed  ResetISR                      
000014f9  ADCIntClear                   
00001503  TimerIntDisable               
0000150d  TimerIntEnable                
00001515  GPIOIntClear                  
0000151b  GPIOPinRead                   
00001521  GPIOPinWrite                  
00001527  SysCtlDelay                   
0000152d  TimerIntClear                 
00001531  _system_pre_init              
00001535  C$$EXIT                       
00001535  abort                         
00001848  __TI_Handler_Table_Base       
00001854  __TI_Handler_Table_Limit      
00001868  __TI_CINIT_Base               
00001880  __TI_CINIT_Limit              
20000000  __start___llvm_prf_cnts       
20000000  __stop___llvm_prf_cnts        
20000000  g_pfnRAMVectors               
20000270  __stack                       
20000470  __STACK_END                   
20000470  __STACK_TOP                   
20000470  timerA_flag                   
20000474  ticks                         
20000478  ticks_limit                   
2000047c  pwm_freq                      
20000480  pulse_width                   
20000484  pulse_with_limit              
20000488  pendent_rampa                 
2000048c  restart                       
2000048d  fin_rampa                     
20000490  pulse_width_max               
20000494  pulse_width_min               
20000498  pulse_width_pot               
2000049c  ADC_measure                   
200004a0  phase                         
ffffffff  __TI_pprof_out_hndl           
ffffffff  __TI_prof_data_size           
ffffffff  __TI_prof_data_start          
ffffffff  __binit__                     
ffffffff  __c_args__                    
ffffffff  binit                         
UNDEFED   __mpu_init                    
UNDEFED   _system_post_cinit            

[108 symbols]
